---
source: tui/src/bottom_pane/chat_composer.rs
expression: terminal.backend()
---
"                                        "
"› Assign new task to CodexPotter        "
"                                        "
"                                        "
"                                        "
"  100% context left                     "
