---
source: tui/src/resume_picker_prompt.rs
expression: terminal.backend().vt100().screen().contents()
---
Resume a previous session
Type to search
  Updated         Branch          User Request
  42 seconds ago  -               Fix resume picker timestamps
> 35 minutes ago  feature/resume  Investigate lazy pagination cap
  2 hours ago     main            Explain the codebase


enter to resume     esc to start new     ctrl + c to quit     ↑/↓ to browse
