---
source: tui/src/streaming/controller.rs
expression: rendered
---
Loose vs. tight list items:

1. Tight item
2. Another tight item
3. Loose item with its own paragraph.

   This paragraph belongs to the same list item.
4. Second loose item with a nested list after a blank line.
    - Nested bullet under a loose item
    - Another nested bullet
